// Jest Snapshot v1, https://goo.gl/fbAQLP

exports[`preubas en el componente primer app debe de mostrar el componente <PrimeraApp/> 1`] = `undefined`;
  
